// Jest Snapshot v1, https://goo.gl/fbAQLP

exports[`renders correctly 1`] = `
<View>
  <RCTScrollView
    bounces={false}
    data={Array []}
    decelerationRate="fast"
    getItem={[Function]}
    getItemCount={[Function]}
    horizontal={true}
    keyExtractor={[Function]}
    onContentSizeChange={[Function]}
    onLayout={[Function]}
    onMomentumScrollBegin={[Function]}
    onMomentumScrollEnd={[Function]}
    onScroll={[Function]}
    onScrollBeginDrag={[Function]}
    onScrollEndDrag={[Function]}
    removeClippedSubviews={false}
    renderItem={[Function]}
    renderToHardwareTextureAndroid={true}
    scrollEnabled={true}
    scrollEventThrottle={16}
    showsHorizontalScrollIndicator={false}
    snapToAlignment="center"
    snapToInterval={600}
    stickyHeaderIndices={Array []}
    viewabilityConfigCallbackPairs={
      Array [
        Object {
          "onViewableItemsChanged": [Function],
          "viewabilityConfig": Object {
            "itemVisiblePercentThreshold": 100,
          },
        },
      ]
    }
  >
    <View />
  </RCTScrollView>
</View>
`;
